2025-12-03 22:38:35.032 [restartedMain] ERROR org.springframework.boot.SpringApplication - Application run failed
java.lang.IllegalStateException: Failed to configure KeyVault property source 'azure-key-vault-secret-property-source-0'
	at com.azure.spring.cloud.autoconfigure.implementation.keyvault.environment.KeyVaultEnvironmentPostProcessor.buildKeyVaultPropertySource(KeyVaultEnvironmentPostProcessor.java:146) ~[spring-cloud-azure-autoconfigure-6.0.0.jar:6.0.0]
	at com.azure.spring.cloud.autoconfigure.implementation.keyvault.environment.KeyVaultEnvironmentPostProcessor.buildKeyVaultPropertySourceList(KeyVaultEnvironmentPostProcessor.java:130) ~[spring-cloud-azure-autoconfigure-6.0.0.jar:6.0.0]
	at com.azure.spring.cloud.autoconfigure.implementation.keyvault.environment.KeyVaultEnvironmentPostProcessor.postProcessEnvironment(KeyVaultEnvironmentPostProcessor.java:93) ~[spring-cloud-azure-autoconfigure-6.0.0.jar:6.0.0]
	at org.springframework.boot.env.EnvironmentPostProcessorApplicationListener.onApplicationEnvironmentPreparedEvent(EnvironmentPostProcessorApplicationListener.java:132) ~[spring-boot-3.5.6.jar:3.5.6]
	at org.springframework.boot.env.EnvironmentPostProcessorApplicationListener.onApplicationEvent(EnvironmentPostProcessorApplicationListener.java:115) ~[spring-boot-3.5.6.jar:3.5.6]
	at org.springframework.context.event.SimpleApplicationEventMulticaster.doInvokeListener(SimpleApplicationEventMulticaster.java:185) ~[spring-context-6.2.11.jar:6.2.11]
	at org.springframework.context.event.SimpleApplicationEventMulticaster.invokeListener(SimpleApplicationEventMulticaster.java:178) ~[spring-context-6.2.11.jar:6.2.11]
	at org.springframework.context.event.SimpleApplicationEventMulticaster.multicastEvent(SimpleApplicationEventMulticaster.java:156) ~[spring-context-6.2.11.jar:6.2.11]
	at org.springframework.context.event.SimpleApplicationEventMulticaster.multicastEvent(SimpleApplicationEventMulticaster.java:138) ~[spring-context-6.2.11.jar:6.2.11]
	at org.springframework.boot.context.event.EventPublishingRunListener.multicastInitialEvent(EventPublishingRunListener.java:136) ~[spring-boot-3.5.6.jar:3.5.6]
	at org.springframework.boot.context.event.EventPublishingRunListener.environmentPrepared(EventPublishingRunListener.java:81) ~[spring-boot-3.5.6.jar:3.5.6]
	at org.springframework.boot.SpringApplicationRunListeners.lambda$environmentPrepared$2(SpringApplicationRunListeners.java:64) ~[spring-boot-3.5.6.jar:3.5.6]
	at java.base/java.lang.Iterable.forEach(Iterable.java:75) ~[?:?]
	at org.springframework.boot.SpringApplicationRunListeners.doWithListeners(SpringApplicationRunListeners.java:118) ~[spring-boot-3.5.6.jar:3.5.6]
	at org.springframework.boot.SpringApplicationRunListeners.doWithListeners(SpringApplicationRunListeners.java:112) ~[spring-boot-3.5.6.jar:3.5.6]
	at org.springframework.boot.SpringApplicationRunListeners.environmentPrepared(SpringApplicationRunListeners.java:63) ~[spring-boot-3.5.6.jar:3.5.6]
	at org.springframework.boot.SpringApplication.prepareEnvironment(SpringApplication.java:353) [spring-boot-3.5.6.jar:3.5.6]
	at org.springframework.boot.SpringApplication.run(SpringApplication.java:313) [spring-boot-3.5.6.jar:3.5.6]
	at org.springframework.boot.SpringApplication.run(SpringApplication.java:1361) [spring-boot-3.5.6.jar:3.5.6]
	at org.springframework.boot.SpringApplication.run(SpringApplication.java:1350) [spring-boot-3.5.6.jar:3.5.6]
	at com.uit.sociuswebfluxapp.SociusWebfluxAppApplication.main(SociusWebfluxAppApplication.java:18) [main/:?]
	at java.base/jdk.internal.reflect.NativeMethodAccessorImpl.invoke0(Native Method) ~[?:?]
	at java.base/jdk.internal.reflect.NativeMethodAccessorImpl.invoke(NativeMethodAccessorImpl.java:77) ~[?:?]
	at java.base/jdk.internal.reflect.DelegatingMethodAccessorImpl.invoke(DelegatingMethodAccessorImpl.java:43) ~[?:?]
	at java.base/java.lang.reflect.Method.invoke(Method.java:568) ~[?:?]
	at org.springframework.boot.devtools.restart.RestartLauncher.run(RestartLauncher.java:50) [spring-boot-devtools-3.5.6.jar:3.5.6]
Caused by: java.lang.IllegalArgumentException: The Azure Key Vault url is malformed.
	at com.azure.security.keyvault.secrets.SecretClientBuilder.vaultUrl(SecretClientBuilder.java:276) ~[azure-security-keyvault-secrets-4.10.2.jar:4.10.2]
	at com.azure.spring.cloud.core.implementation.properties.PropertyMapper$Source.to(PropertyMapper.java:88) ~[spring-cloud-azure-core-6.0.0.jar:6.0.0]
	at com.azure.spring.cloud.service.implementation.keyvault.secrets.SecretClientBuilderFactory.configureService(SecretClientBuilderFactory.java:89) ~[spring-cloud-azure-service-6.0.0.jar:6.0.0]
	at com.azure.spring.cloud.service.implementation.keyvault.secrets.SecretClientBuilderFactory.configureService(SecretClientBuilderFactory.java:30) ~[spring-cloud-azure-service-6.0.0.jar:6.0.0]
	at com.azure.spring.cloud.core.implementation.factory.AbstractAzureServiceClientBuilderFactory.build(AbstractAzureServiceClientBuilderFactory.java:133) ~[spring-cloud-azure-core-6.0.0.jar:6.0.0]
	at com.azure.spring.cloud.autoconfigure.implementation.keyvault.environment.KeyVaultEnvironmentPostProcessor.buildSecretClient(KeyVaultEnvironmentPostProcessor.java:184) ~[spring-cloud-azure-autoconfigure-6.0.0.jar:6.0.0]
	at com.azure.spring.cloud.autoconfigure.implementation.keyvault.environment.KeyVaultEnvironmentPostProcessor.buildSecretClient(KeyVaultEnvironmentPostProcessor.java:152) ~[spring-cloud-azure-autoconfigure-6.0.0.jar:6.0.0]
	at com.azure.spring.cloud.autoconfigure.implementation.keyvault.environment.KeyVaultEnvironmentPostProcessor.buildKeyVaultPropertySource(KeyVaultEnvironmentPostProcessor.java:138) ~[spring-cloud-azure-autoconfigure-6.0.0.jar:6.0.0]
	... 25 more
Caused by: java.net.MalformedURLException: no protocol: ${KEY_VAULT_ENDPOINT}
	at java.base/java.net.URL.<init>(URL.java:674) ~[?:?]
	at java.base/java.net.URL.<init>(URL.java:569) ~[?:?]
	at java.base/java.net.URL.<init>(URL.java:516) ~[?:?]
	at com.azure.security.keyvault.secrets.SecretClientBuilder.vaultUrl(SecretClientBuilder.java:273) ~[azure-security-keyvault-secrets-4.10.2.jar:4.10.2]
	at com.azure.spring.cloud.core.implementation.properties.PropertyMapper$Source.to(PropertyMapper.java:88) ~[spring-cloud-azure-core-6.0.0.jar:6.0.0]
	at com.azure.spring.cloud.service.implementation.keyvault.secrets.SecretClientBuilderFactory.configureService(SecretClientBuilderFactory.java:89) ~[spring-cloud-azure-service-6.0.0.jar:6.0.0]
	at com.azure.spring.cloud.service.implementation.keyvault.secrets.SecretClientBuilderFactory.configureService(SecretClientBuilderFactory.java:30) ~[spring-cloud-azure-service-6.0.0.jar:6.0.0]
	at com.azure.spring.cloud.core.implementation.factory.AbstractAzureServiceClientBuilderFactory.build(AbstractAzureServiceClientBuilderFactory.java:133) ~[spring-cloud-azure-core-6.0.0.jar:6.0.0]
	at com.azure.spring.cloud.autoconfigure.implementation.keyvault.environment.KeyVaultEnvironmentPostProcessor.buildSecretClient(KeyVaultEnvironmentPostProcessor.java:184) ~[spring-cloud-azure-autoconfigure-6.0.0.jar:6.0.0]
	at com.azure.spring.cloud.autoconfigure.implementation.keyvault.environment.KeyVaultEnvironmentPostProcessor.buildSecretClient(KeyVaultEnvironmentPostProcessor.java:152) ~[spring-cloud-azure-autoconfigure-6.0.0.jar:6.0.0]
	at com.azure.spring.cloud.autoconfigure.implementation.keyvault.environment.KeyVaultEnvironmentPostProcessor.buildKeyVaultPropertySource(KeyVaultEnvironmentPostProcessor.java:138) ~[spring-cloud-azure-autoconfigure-6.0.0.jar:6.0.0]
	... 25 more
